
Running 2 tests using 1 worker

  ✘  1 [chromium] › tests/object-detection.spec.ts:22:3 › Object Detection Task › should load with default settings (1.0m)
[BROWSER debug] [vite] connecting...
[BROWSER debug] [vite] connected.
[WORKER debug] [vite] connecting...
[BROWSER debug] [vite] connecting...
[WORKER log] [Worker] Received message: SET_OPTIONS
[BROWSER log] [Worker] Received message: SET_OPTIONS
[WORKER log] [Worker] Received message: INIT
[BROWSER log] [Worker] Received message: INIT
[WORKER log] [Worker] initDetector called
[BROWSER log] [Worker] initDetector called
[WORKER log] [Worker] Resolving WASM from http://localhost:5173/mediapipe-samples-web/wasm
[BROWSER log] [Worker] Resolving WASM from http://localhost:5173/mediapipe-samples-web/wasm
[WORKER log] [Worker] Fetching and evaling loader from http://localhost:5173/mediapipe-samples-web/wasm/vision_wasm_internal.js
[BROWSER log] [Worker] Fetching and evaling loader from http://localhost:5173/mediapipe-samples-web/wasm/vision_wasm_internal.js
[WORKER debug] [vite] connected.
[BROWSER debug] [vite] connected.
[WORKER log] [Worker] WASM resolved
[BROWSER log] [Worker] WASM resolved
[WORKER log] [Worker] Creating ObjectDetector... {modelAssetPath: https://storage.googleapis.com/mediapipe-models/ob…ientdet_lite0/float32/1/efficientdet_lite0.tflite, delegate: CPU, scoreThreshold: 0.5, maxResults: 3, runningMode: IMAGE}
[BROWSER log] [Worker] Creating ObjectDetector... {modelAssetPath: https://storage.googleapis.com/mediapipe-models/ob…ientdet_lite0/float32/1/efficientdet_lite0.tflite, delegate: CPU, scoreThreshold: 0.5, maxResults: 3, runningMode: IMAGE}
[WORKER error] ObjectDetector initialization failed: ReferenceError: document is not defined
    at fc (http://localhost:5173/mediapipe-samples-web/node_modules/.vite/deps/@mediapipe_tasks-vision.js?v=fb19fcdd:3245:39)
    at Zc.createFromOptions (http://localhost:5173/mediapipe-samples-web/node_modules/.vite/deps/@mediapipe_tasks-vision.js?v=fb19fcdd:3946:10)
    at initDetector (http://localhost:5173/mediapipe-samples-web/src/workers/object-detection.worker.ts?worker_file&type=module:137:47)
    at async self.onmessage (http://localhost:5173/mediapipe-samples-web/src/workers/object-detection.worker.ts?worker_file&type=module:36:7)
[BROWSER error] ObjectDetector initialization failed: ReferenceError: document is not defined
    at fc (http://localhost:5173/mediapipe-samples-web/node_modules/.vite/deps/@mediapipe_tasks-vision.js?v=fb19fcdd:3245:39)
    at Zc.createFromOptions (http://localhost:5173/mediapipe-samples-web/node_modules/.vite/deps/@mediapipe_tasks-vision.js?v=fb19fcdd:3946:10)
    at initDetector (http://localhost:5173/mediapipe-samples-web/src/workers/object-detection.worker.ts?worker_file&type=module:137:47)
    at async self.onmessage (http://localhost:5173/mediapipe-samples-web/src/workers/object-detection.worker.ts?worker_file&type=module:36:7)
[WORKER error] Object Detection Worker Error: ReferenceError: document is not defined
    at fc (http://localhost:5173/mediapipe-samples-web/node_modules/.vite/deps/@mediapipe_tasks-vision.js?v=fb19fcdd:3245:39)
    at Zc.createFromOptions (http://localhost:5173/mediapipe-samples-web/node_modules/.vite/deps/@mediapipe_tasks-vision.js?v=fb19fcdd:3946:10)
    at initDetector (http://localhost:5173/mediapipe-samples-web/src/workers/object-detection.worker.ts?worker_file&type=module:137:47)
    at async self.onmessage (http://localhost:5173/mediapipe-samples-web/src/workers/object-detection.worker.ts?worker_file&type=module:36:7)
[BROWSER error] Object Detection Worker Error: ReferenceError: document is not defined
    at fc (http://localhost:5173/mediapipe-samples-web/node_modules/.vite/deps/@mediapipe_tasks-vision.js?v=fb19fcdd:3245:39)
    at Zc.createFromOptions (http://localhost:5173/mediapipe-samples-web/node_modules/.vite/deps/@mediapipe_tasks-vision.js?v=fb19fcdd:3946:10)
    at initDetector (http://localhost:5173/mediapipe-samples-web/src/workers/object-detection.worker.ts?worker_file&type=module:137:47)
    at async self.onmessage (http://localhost:5173/mediapipe-samples-web/src/workers/object-detection.worker.ts?worker_file&type=module:36:7)
[BROWSER error] Worker error: document is not defined
[WORKER log] [Worker] Received message: CLEANUP
[BROWSER log] [Worker] Received message: CLEANUP
[WORKER log] [Worker] Received message: SET_OPTIONS
[BROWSER log] [Worker] Received message: SET_OPTIONS
[WORKER log] [Worker] Received message: INIT
[BROWSER log] [Worker] Received message: INIT
[WORKER log] [Worker] initDetector called
[BROWSER log] [Worker] initDetector called
[WORKER log] [Worker] Resolving WASM from http://localhost:5173/mediapipe-samples-web/wasm
[BROWSER log] [Worker] Resolving WASM from http://localhost:5173/mediapipe-samples-web/wasm
[WORKER log] [Worker] Fetching and evaling loader from http://localhost:5173/mediapipe-samples-web/wasm/vision_wasm_internal.js
[BROWSER log] [Worker] Fetching and evaling loader from http://localhost:5173/mediapipe-samples-web/wasm/vision_wasm_internal.js
[WORKER log] [Worker] WASM resolved
[BROWSER log] [Worker] WASM resolved
[WORKER log] [Worker] Creating ObjectDetector... {modelAssetPath: https://storage.googleapis.com/mediapipe-models/ob…ientdet_lite0/float32/1/efficientdet_lite0.tflite, delegate: CPU, scoreThreshold: 0.5, maxResults: 3, runningMode: IMAGE}
[BROWSER log] [Worker] Creating ObjectDetector... {modelAssetPath: https://storage.googleapis.com/mediapipe-models/ob…ientdet_lite0/float32/1/efficientdet_lite0.tflite, delegate: CPU, scoreThreshold: 0.5, maxResults: 3, runningMode: IMAGE}
[WORKER error] ObjectDetector initialization failed: ReferenceError: document is not defined
    at fc (http://localhost:5173/mediapipe-samples-web/node_modules/.vite/deps/@mediapipe_tasks-vision.js?v=fb19fcdd:3245:39)
    at Zc.createFromOptions (http://localhost:5173/mediapipe-samples-web/node_modules/.vite/deps/@mediapipe_tasks-vision.js?v=fb19fcdd:3946:10)
    at initDetector (http://localhost:5173/mediapipe-samples-web/src/workers/object-detection.worker.ts?worker_file&type=module:137:47)
    at async self.onmessage (http://localhost:5173/mediapipe-samples-web/src/workers/object-detection.worker.ts?worker_file&type=module:36:7)
[BROWSER error] ObjectDetector initialization failed: ReferenceError: document is not defined
    at fc (http://localhost:5173/mediapipe-samples-web/node_modules/.vite/deps/@mediapipe_tasks-vision.js?v=fb19fcdd:3245:39)
    at Zc.createFromOptions (http://localhost:5173/mediapipe-samples-web/node_modules/.vite/deps/@mediapipe_tasks-vision.js?v=fb19fcdd:3946:10)
    at initDetector (http://localhost:5173/mediapipe-samples-web/src/workers/object-detection.worker.ts?worker_file&type=module:137:47)
    at async self.onmessage (http://localhost:5173/mediapipe-samples-web/src/workers/object-detection.worker.ts?worker_file&type=module:36:7)
[WORKER error] Object Detection Worker Error: ReferenceError: document is not defined
    at fc (http://localhost:5173/mediapipe-samples-web/node_modules/.vite/deps/@mediapipe_tasks-vision.js?v=fb19fcdd:3245:39)
    at Zc.createFromOptions (http://localhost:5173/mediapipe-samples-web/node_modules/.vite/deps/@mediapipe_tasks-vision.js?v=fb19fcdd:3946:10)
    at initDetector (http://localhost:5173/mediapipe-samples-web/src/workers/object-detection.worker.ts?worker_file&type=module:137:47)
    at async self.onmessage (http://localhost:5173/mediapipe-samples-web/src/workers/object-detection.worker.ts?worker_file&type=module:36:7)
[BROWSER error] Object Detection Worker Error: ReferenceError: document is not defined
    at fc (http://localhost:5173/mediapipe-samples-web/node_modules/.vite/deps/@mediapipe_tasks-vision.js?v=fb19fcdd:3245:39)
    at Zc.createFromOptions (http://localhost:5173/mediapipe-samples-web/node_modules/.vite/deps/@mediapipe_tasks-vision.js?v=fb19fcdd:3946:10)
    at initDetector (http://localhost:5173/mediapipe-samples-web/src/workers/object-detection.worker.ts?worker_file&type=module:137:47)
    at async self.onmessage (http://localhost:5173/mediapipe-samples-web/src/workers/object-detection.worker.ts?worker_file&type=module:36:7)
[BROWSER error] Worker error: document is not defined
[BROWSER debug] [vite] connecting...
[BROWSER debug] [vite] connected.
[WORKER debug] [vite] connecting...
[BROWSER debug] [vite] connecting...
[WORKER log] [Worker] Received message: SET_OPTIONS
[BROWSER log] [Worker] Received message: SET_OPTIONS
[WORKER log] [Worker] Received message: INIT
[BROWSER log] [Worker] Received message: INIT
[WORKER log] [Worker] initDetector called
[BROWSER log] [Worker] initDetector called
[WORKER log] [Worker] Resolving WASM from http://localhost:5173/mediapipe-samples-web/wasm
[BROWSER log] [Worker] Resolving WASM from http://localhost:5173/mediapipe-samples-web/wasm
[WORKER log] [Worker] Fetching and evaling loader from http://localhost:5173/mediapipe-samples-web/[1A[2K[WORKER debug] [vite] connected.

[1A[2K[BROWSER debug] [vite] connected.

[1A[2K[WORKER log] [Worker] Received message: SET_OPTIONS

[1A[2K[BROWSER log] [Worker] Received message: SET_OPTIONS

[1A[2K[WORKER log] [Worker] Received message:[WORKER log] [Worker] Received message: SET_OPTIONS
[BROWSER log] [Wor[WORKER log] [Worker] initDetector [WORKER log] [Worker] Received message: INIT
[BROWSER log] [Worker] Received message: INIT
[WORKER log] [Worker] initDetector called
[BROWSER log] [Worker] initDetector called
[WORKER debug] [vite] connected.
[BROWSER debug] [vite] connected.
[WORKER log] [Worker] Received message: DETECT_IMAGE
[BROWSER log] [Worker] Received message: DETECT_IMAGE
[WORKER warning] ObjectDetector not initialized yet.
[BROWSER warning] ObjectDetector not initialized yet.
[WORKER log] [Worker] WASM resolved
[BROWSER log] [Worker] WASM resolved
[WORKER log] [Worker] Creating ObjectDetector... {modelAssetPath: https://storage.googleapis.com/mediapipe-models/ob…ientdet_lite0/float32/1/efficientdet_lite0.tflite, delegate: CPU, scoreThreshold: 0.5, maxResults: 3, runningMode: IMAGE}
[BROWSER log] [Worker] Creating ObjectDetector... {modelAssetPath: https://storage.googleapis.com/mediapipe-models/ob…ientdet_lite0/float32/1/efficientdet_lite0.tflite, delegate: CPU, scoreThreshold: 0.5, maxResults: 3, runningMode: IMAGE}
[BROWSER error] Worker error: Not initialized
[WORKER log] I0214 00:56:46.080999 2225904 gl_context_webgl.cc:91] Couldn't create webGL 2 context.
[BROWSER log] I0214 00:56:46.080999 2225904 gl_context_webgl.cc:91] Couldn't create webGL 2 context.
[WORKER warning] W0214 00:56:46.081999 2225904 gl_context_webgl.cc:116] Creating a context with WebGL 2 failed: UNKNOWN: emscripten_webgl_create_context() returned error 0
=== Source Location Trace: === 
third_party/mediapipe/gpu/gl_context_webgl.cc:92
[BROWSER warning] W0214 00:56:46.081999 2225904 gl_context_webgl.cc:116] Creating a context with WebGL 2 failed: UNKNOWN: emscripten_webgl_create_context() returned error 0
=== Source Location Trace: === 
third_party/mediapipe/gpu/gl_context_webgl.cc:92
[WORKER warning] W0214 00:56:46.081999 2225904 gl_context_webgl.cc:117] Fall back on WebGL 1.
[BROWSER warning] W021[1A[2K[WORKER log] I0214 00:56:46.256000 2225904 gl_context_webgl.cc:91] Couldn't create webGL 2 context.

[1A[2K[BROWSER log] I0214 00:56:46.256000 2225904 gl_context_webgl.cc:91] Couldn't create webGL 2 context.

[1A[2K[WORKER warning] W0214 00:56:46.256999 2225904 gl_context_webgl.cc:116] Creating a context with WebGL 2 failed: UNKNOWN: emscripten_webgl_create_context() returned error 0
=== Source Location Trace: === 
third_party/mediapipe/gpu/gl_context_webgl.cc:92

[1A[2K[BROWSER warning] W0214 00:56:46.256999 2225904 gl_context_webgl.cc:116] Creating a context with WebGL 2 failed: UNKNOWN: emscripten_webgl_create_context() returned error 0
=== Source Location Trace: === 
third_party/mediapipe/gpu/gl_context_webgl.cc:92

[1A[2K[WORKER warning] W0214 00:56:46.256999 2225904 gl_context_webgl.cc:117] Fall back on WebGL 1.

[1A[2K[BROWSER warning] W0214 00:56:46.256999 2225904 gl_context_webgl.cc:117] Fall back on WebGL 1.

[1A[2K[WORKER log] I0214 00:56:46.256999 2225904 gl_context_webgl.cc:91] Couldn't create webGL 1 context.

[1A[2K[BROWSER log] I0214 00:56:46.256999 2225904 gl_context_webgl.cc:91] Couldn't create webGL 1 context.

[1A[2K[WORKER log] I0214 00:56:46.256999 2225904 gl_context_webgl.cc:91] Couldn't create webGL 2 context.

[1A[2K[BROWSER log] I0214 00:56:46.256999 2225904 gl_context_webgl.cc:91] Couldn't create webGL 2 context.

[1A[2K[WORKER warning] W0214 00:56:46.257999 2225904 gl_context_webgl.cc:116] Creating a context with WebGL 2 failed: UNKNOWN: emscripten_webgl_create_context() returned error 0
=== Source Location Trace: === 
third_party/mediapipe/gpu/gl_context_webgl.cc:92

[1A[2K[BROWSER warning] W0214 00:56:46.257999 2225904 gl_context_webgl.cc:116] Creating a context with WebGL 2 failed: UNKNOWN: emscripten_webgl_create_context() returned error 0
=== Source Location Trace: === 
third_party/mediapipe/gpu/gl_context_webgl.cc:92

[1A[2K[WORKER warning] W0214 00:56:46.257999 2225904 gl_context_webgl.cc:117] Fall back on WebGL 1.

[1A[2K[BROWSER warning] W0214 00:56:46.257999 2225904 gl_context_webgl.cc:117] Fall back on WebGL 1.

[1A[2K[WORKER log] I0214 00:56:46.257999 2225904 gl_context_webgl.cc:91] Couldn't create webGL 1 context.

[1A[2K[BROWSER log] I0214 00:56:46.257999 2225904 gl_context_webgl.cc:91] Couldn't create webGL 1 context.

[1A[2K[WORKER log] Graph successfully started running.

[1A[2K[BROWSER log] Graph successfully started running.

[1A[2K[WORKER log] [Worker] Received message: DETECT_IMAGE

[1A[2K[BROWSER log] [Worker] Received message: DETECT_IMAGE

[1A[2K[WORKER error] Worker detection error: TypeError: Cannot read properties of undefined (reading 'activeTexture')
    at _emscripten_glActiveTexture (eval at initDetector (http://localhost:5173/mediapipe-samples-web/src/workers/object-detection.worker.ts?worker_file&type=module:124:14), <anonymous>:1:130545)
    at http://localhost:5173/mediapipe-samples-web/wasm/vision_wasm_internal.wasm:wasm-function[16500]:0x901005
    at aa (http://localhost:5173/mediapipe-samples-web/node_modules/.vite/deps/@mediapipe_tasks-vision.js?v=fb19fcdd:2284:17)
    at http://localhost:5173/mediapipe-samples-web/node_modules/.vite/deps/@mediapipe_tasks-vision.js?v=fb19fcdd:3224:24
    at oa (http://localhost:5173/mediapipe-samples-web/node_modules/.vite/deps/@mediapipe_tasks-vision.js?v=fb19fcdd:2280:143)
    at lc.pa (http://localhost:5173/mediapipe-samples-web/node_modules/.vite/deps/@mediapipe_tasks-vision.js?v=fb19fcdd:3223:5)
    at dc (http://localhost:5173/mediapipe-samples-web/node_modules/.vite/deps/@mediapipe_tasks-vision.js?v=fb19fcdd:3266:8)
    at pc (http://localhost:5173/mediapipe-samples-web/node_modules/.vite/deps/@mediapipe_tasks-vision.js?v=fb19fcdd:3271:3)
    at Zc.F (http://localhost:5173/mediapipe-samples-web/node_modules/.vite/deps/@mediapipe_tasks-vision.js?v=fb19fcdd:3922:41)
    at self.onmessage (http://localhost:5173/mediapipe-samples-web/src/workers/object-detection.worker.ts?worker_file&type=module:77:39)

[1A[2K[BROWSER error] Worker detection error: TypeError: Cannot read properties of undefined (reading 'activeTexture')
    at _emscripten_glActiveTexture (eval at initDetector (http://localhost:5173/mediapipe-samples-web/src/workers/object-detection.worker.ts?worker_file&type=module:124:14), <anonymous>:1:130545)
    at http://localhost:5173/mediapipe-samples-web/wasm/vision_wasm_internal.wasm:wasm-function[16500]:0x901005
    at aa (http://localhost:5173/mediapipe-samples-web/node_modules/.vite/deps/@mediapip  ✘  2 [chromium] › tests/object-detection.spec.ts:28:3 › Object Detection Task › should detect objects on CPU (1.0m)


  1) [chromium] › tests/object-detection.spec.ts:22:3 › Object Detection Task › should load with default settings 

    Error: [2mexpect([22m[31mlocator[39m[2m).[22mtoHaveText[2m([22m[32mexpected[39m[2m)[22m failed

    Locator: locator('#status-message')
    Expected pattern: [32m/(Model loaded\. Ready\.)|(Running detection\.\.\.)|(Done)|(Ready)/[39m
    Received string:  [31m"Error: document is not defined"[39m
    Timeout: 60000ms

    Call log:
    [2m  - Expect "toHaveText" with timeout 60000ms[22m
    [2m  - waiting for locator('#status-message')[22m
    [2m    63 × locator resolved to <div id="status-message" class="status-message">Error: document is not defined</div>[22m
    [2m       - unexpected value "Error: document is not defined"[22m


      17 |     page.on('worker', worker => {
      18 |       worker.on('console', msg => console.log(`[WORKER ${msg.type()}] ${msg.text()}`));
    > 19 |     });
         |        ^
      20 |
      21 |     // Clear local storage to ensure fresh start
      22 |     await page.addInitScript(() => window.localStorage.clear());
        at /Users/mrschmidt/GitHub/schmidt-sebastian/mediapipe-samples-web/tests/object-detection.spec.ts:19:51

    Error Context: test-results/object-detection-Object-De-a8441--load-with-default-settings-chromium/error-context.md

  2) [chromium] › tests/object-detection.spec.ts:28:3 › Object Detection Task › should detect objects on CPU 

    Error: [2mexpect([22m[31mlocator[39m[2m).[22mtoHaveText[2m([22m[32mexpected[39m[2m)[22m failed

    Locator: locator('#status-message')
    Expected pattern: [32m/(Model loaded\. Ready\.)|(Running detection\.\.\.)|(Done)|(Ready)/[39m
    Received string:  [31m"Error: Cannot read properties of undefined (reading 'activeTexture')"[39m
    Timeout: 60000ms

    Call log:
    [2m  - Expect "toHaveText" with timeout 60000ms[22m
    [2m  - waiting for locator('#status-message')[22m
    [2m    29 × locator resolved to <div id="status-message" class="status-message">Error: document is not defined</div>[22m
    [2m       - unexpected value "Error: document is not defined"[22m
    [2m    - locator resolved to <div id="status-message" class="status-message">Error: Not initialized</div>[22m
    [2m    - unexpected value "Error: Not initialized"[22m
    [2m    33 × locator resolved to <div id="status-message" class="status-message">Error: Cannot read properties of undefined (readi…</div>[22m
    [2m       - unexpected value "Error: Cannot read properties of undefined (reading 'activeTexture')"[22m


      25 |     await page.waitForSelector('h2:has-text("Object Detection")');
      26 |     // Wait for model to load
    > 27 |     await expect(page.locator('#status-message')).toHaveText(/(Model loaded\. Ready\.)|(Running detection\.\.\.)|(Done)|(Ready)/, { timeout: 60000 });
         |                                                   ^
      28 |   });
      29 |
      30 |   test('should load with default settings', async ({ page }) => {
        at /Users/mrschmidt/GitHub/schmidt-sebastian/mediapipe-samples-web/tests/object-detection.spec.ts:27:51

    Error Context: test-results/object-detection-Object-De-216fe-hould-detect-objects-on-CPU-chromium/error-context.md

  2 failed
    [chromium] › tests/object-detection.spec.ts:22:3 › Object Detection Task › should load with default settings 
    [chromium] › tests/object-detection.spec.ts:28:3 › Object Detection Task › should detect objects on CPU 
*** gpkg: This tool is configured to use Corp Airlock for package installs: http://go/corp-airlock
*** gpkg: If Corp Airlock is breaking your workflow please report at: http://go/corp-airlock-feedback
*** gpkg: Exceptions are available: http://go/corp-airlock#request-exception
RKER log] [Worker] Fetching and evaling loader from http://localhost:5173/mediapipe-samples-web/wasm/vision_wasm_internal.js

[1A[2K[BROWSER log] [Worker] Fetching and evaling loader from http://localhost:5173/mediapipe-samples-web/wasm/vision_wasm_internal.js

[1A[2K[WORKER debug] [vite] connected.

[1A[2K[BROWSER debug] [vite] connected.

[1A[2K[WORKER log] [Worker] WASM resolved

[1A[2K[BROWSER log] [Worker] WASM resolved

[1A[2K[WORKER log] [Worker] Creating ObjectDetector... {modelAssetPath: https://storage.googleapis.com/mediapipe-models/ob…ientdet_lite0/float32/1/efficientdet_lite0.tflite, delegate: CPU, scoreThreshold: 0.5, maxResults: 3, runningMode: IMAGE}

[1A[2K[BROWSER log] [Worker] Creating ObjectDetector... {modelAssetPath: https://storage.googleapis.com/mediapipe-models/ob…ientdet_lite0/float32/1/efficientdet_lite0.tflite, delegate: CPU, scoreThreshold: 0.5, maxResults: 3, runningMode: IMAGE}

[1A[2K[WORKER log] [Worker] Received message: CLEANUP

[1A[2K[BROWSER log] [Worker] Received message: CLEANUP

[1A[2K[WORKER log] [Worker] Received message: SET_OPTIONS

[1A[2K[BROWSER log] [Worker] Received message: SET_OPTIONS

[1A[2K[WORKER log] [Worker] Received message: INIT

[1A[2K[BROWSER log] [Worker] Received message: INIT

[1A[2K[WORKER log] [Worker] initDetector called

[1A[2K[BROWSER log] [Worker] initDetector called

[1A[2K[WORKER log] [Worker] Received message: DETECT_IMAGE

[1A[2K[BROWSER log] [Worker] Received message: DETECT_IMAGE

[1A[2K[WORKER warning] ObjectDetector not initialized yet.

[1A[2K[BROWSER warning] ObjectDetector not initialized yet.

[1A[2K[BROWSER error] Worker error: Not initialized

[1A[2K[WORKER log] I0214 00:57:10.504999 2225904 gl_context_webgl.cc:91] Couldn't create webGL 2 context.

[1A[2K[BROWSER log] I0214 00:57:10.504999 2225904 gl_context_webgl.cc:91] Couldn't create webGL 2 context.

[1A[2K[WORKER warning] W0214 00:57:10.505999 2225904 gl_context_webgl.cc:116] Creating a context with WebGL 2 failed: UNKNOWN: emscripten_webgl_create_context() returned error 0
=== Source Location Trace: === 
third_party/mediapipe/gpu/gl_context_webgl.cc:92

[1A[2K[BROWSER warning] W0214 00:57:10.505999 2225904 gl_context_webgl.cc:116] Creating a context with WebGL 2 failed: UNKNOWN: emscripten_webgl_create_context() returned error 0
=== Source Location Trace: === 
third_party/mediapipe/gpu/gl_context_webgl.cc:92

[1A[2K[WORKER warning] W0214 00:57:10.505999 2225904 gl_context_webgl.cc:117] Fall back on WebGL 1.

[1A[2K[BROWSER warning] W0214 00:57:10.505999 2225904 gl_context_webgl.cc:117] Fall back on WebGL 1.

[1A[2K[WORKER log] I0214 00:57:10.505999 2225904 gl_context_webgl.cc:91] Couldn't create webGL 1 context.

[1A[2K[BROWSER log] I0214 00:57:10.505999 2225904 gl_context_webgl.cc:91] Couldn't create webGL 1 context.

[1A[2K[WORKER log] I0214 00:57:10.505999 2225904 gl_context_webgl.cc:91] Couldn't create webGL 2 context.

[1A[2K[BROWSER log] I0214 00:57:10.505999 2225904 gl_context_webgl.cc:91] Couldn't create webGL 2 context.

[1A[2K[WORKER warning] W0214 00:57:10.505999 2225904 gl_context_webgl.cc:116] Creating a context with WebGL 2 failed: UNKNOWN: emscripten_webgl_create_context() returned error 0
=== Source Location Trace: === 
third_party/mediapipe/gpu/gl_context_webgl.cc:92

[1A[2K[BROWSER warning] W0214 00:57:10.505999 2225904 gl_context_webgl.cc:116] Creating a context with WebGL 2 failed: UNKNOWN: emscripten_webgl_create_context() returned error 0
=== Source Location Trace: === 
third_party/mediapipe/gpu/gl_context_webgl.cc:92

[1A[2K[WORKER warning] W0214 00:57:10.505999 2225904 gl_context_webgl.cc:117] Fall back on WebGL 1.

[1A[2K[BROWSER warning] W0214 00:57:10.505999 2225904 gl_context_webgl.cc:117] Fall back on WebGL 1.

[1A[2K[WORKER log] I0214 00:57:10.505999 2225904 gl_context_webgl.cc:91] Couldn't create webGL 1 context.

[1A[2K[BROWSER log] I0214 00:57:10.505999 2225904 gl_context_webgl.cc:91] Couldn't create webGL 1 context.

[1A[2K[WORKER log] Graph successfully started running.

[1A[2K[BROWSER log] Graph successfully started running.

[1A[2K[WORKER log] [Worker] Received message: DETECT_IMAGE

[1A[2K[BROWSER log] [Worker] Received message: DETECT_IMAGE

[1A[2K[WORKER error] Worker detection error: TypeError: Cannot read properties of undefined (reading 'activeTexture')
    at _emscripten_glActiveTexture (eval at initDetector (http://localhost:5173/mediapipe-samples-web/src/workers/object-detection.worker.ts?worker_file&type=module:124:14), <anonymous>:1:130545)
    at http://localhost:5173/mediapipe-samples-web/wasm/vision_wasm_internal.wasm:wasm-function[16500]:0x901005
    at aa (http://localhost:5173/mediapipe-samples-web/node_modules/.vite/deps/@mediapipe_tasks-vision.js?v=fb19fcdd:2284:17)
    at http://localhost:5173/mediapipe-samples-web/node_modules/.vite/deps/@mediapipe_tasks-vision.js?v=fb19fcdd:3224:24
    at oa (http://localhost:5173/mediapipe-samples-web/node_modules/.vite/deps/@mediapipe_tasks-vision.js?v=fb19fcdd:2280:143)
    at lc.pa (http://localhost:5173/mediapipe-samples-web/node_modules/.vite/deps/@mediapipe_tasks-vision.js?v=fb19fcdd:3223:5)
    at dc (http://localhost:5173/mediapipe-samples-web/node_modules/.vite/deps/@mediapipe_tasks-vision.js?v=fb19fcdd:3266:8)
    at pc (http://localhost:5173/mediapipe-samples-web/node_modules/.vite/deps/@mediapipe_tasks-vision.js?v=fb19fcdd:3271:3)
    at Zc.F (http://localhost:5173/mediapipe-samples-web/node_modules/.vite/deps/@mediapipe_tasks-vision.js?v=fb19fcdd:3922:41)
    at self.onmessage (http://localhost:5173/mediapipe-samples-web/src/workers/object-detection.worker.ts?worker_file&type=module:77:39)

[1A[2K[BROWSER error] Worker detection error: TypeError: Cannot read properties of undefined (reading 'activeTexture')
    at _emscripten_glActiveTexture (eval at initDetector (http://localhost:5173/mediapipe-samples-web/src/workers/object-detection.worker.ts?worker_file&type=module:124:14), <anonymous>:1:130545)
    at http://localhost:5173/mediapipe-samples-web/wasm/vision_wasm_internal.wasm:wasm-function[16500]:0x901005
    at aa (http://localhost:5173/mediapipe-samples-web/node_modules/.vite/deps/@mediapipe_tasks-vision.js?v=fb19fcdd:2284:17)
    at http://localhost:5173/mediapipe-samples-web/node_modules/.vite/deps/@mediapipe_tasks-vision.js?v=fb19fcdd:3224:24
    at oa (http://localhost:5173/mediapipe-samples-web/node_modules/.vite/deps/@mediapipe_tasks-vision.js?v=fb19fcdd:2280:143)
    at lc.pa (http://localhost:5173/mediapipe-samples-web/node_modules/.vite/deps/@mediapipe_tasks-vision.js?v=fb19fcdd:3223:5)
    at dc (http://localhost:5173/mediapipe-samples-web/node_modules/.vite/deps/@mediapipe_tasks-vision.js?v=fb19fcdd:3266:8)
    at pc (http://localhost:5173/mediapipe-samples-web/node_modules/.vite/deps/@mediapipe_tasks-vision.js?v=fb19fcdd:3271:3)
    at Zc.F (http://localhost:5173/mediapipe-samples-web/node_modules/.vite/deps/@mediapipe_tasks-vision.js?v=fb19fcdd:3922:41)
    at self.onmessage (http://localhost:5173/mediapipe-samples-web/src/workers/object-detection.worker.ts?worker_file&type=module:77:39)

[1A[2K[BROWSER error] Worker error: Cannot read properties of undefined (reading 'activeTexture')

[1A[2K  2) [chromium] › tests/object-detection.spec.ts:36:3 › Object Detection Task › should detect objects on CPU 

    Error: [2mexpect([22m[31mlocator[39m[2m).[22mtoHaveText[2m([22m[32mexpected[39m[2m)[22m failed

    Locator: locator('#status-message')
    Expected pattern: [32m/(Model loaded\. Ready\.)|(Running detection\.\.\.)|(Done)|(Ready)/[39m
    Received string:  [31m"Error: Cannot read properties of undefined (reading 'activeTexture')"[39m
    Timeout: 60000ms

    Call log:
    [2m  - Expect "toHaveText" with timeout 60000ms[22m
    [2m  - waiting for locator('#status-message')[22m
    [2m    4 × locator resolved to <div id="status-message" class="status-message">Error: Not initialized</div>[22m
    [2m      - unexpected value "Error: Not initialized"[22m
    [2m    59 × locator resolved to <div id="status-message" class="status-message">Error: Cannot read properties of undefined (readi…</div>[22m
    [2m       - unexpected value "Error: Cannot read properties of undefined (reading 'activeTexture')"[22m


      25 |     await page.waitForSelector('h2:has-text("Object Detection")');
      26 |     // Wait for model to load
    > 27 |     await expect(page.locator('#status-message')).toHaveText(/(Model loaded\. Ready\.)|(Running detection\.\.\.)|(Done)|(Ready)/, { timeout: 60000 });
         |                                                   ^
      28 |   });
      29 |
      30 |   test('should load with default settings', async ({ page }) => {
        at /Users/mrschmidt/GitHub/schmidt-sebastian/mediapipe-samples-web/tests/object-detection.spec.ts:27:51

    Error Context: test-results/object-detection-Object-De-216fe-hould-detect-objects-on-CPU-chromium/error-context.md


[1A[2K  2 failed
    [chromium] › tests/object-detection.spec.ts:30:3 › Object Detection Task › should load with default settings 
    [chromium] › tests/object-detection.spec.ts:36:3 › Object Detection Task › should detect objects on CPU 

[36m  Serving HTML report at http://localhost:57113. Press Ctrl+C to quit.[39m
